  Determining projects to restore...
  All projects are up-to-date for restore.
C:\Program Files\dotnet\sdk\10.0.200-preview.0.26103.119\Sdks\Microsoft.NET.Sdk\targets\Microsoft.NET.RuntimeIdentifierInference.targets(383,5): message NETSDK1057: You are using a preview version of .NET. See: https://aka.ms/dotnet-support-policy [D:\Assignment - Coffee\Coffee\FastFood.Application\FastFood.Application.csproj]
C:\Program Files\dotnet\sdk\10.0.200-preview.0.26103.119\Sdks\Microsoft.NET.Sdk\targets\Microsoft.NET.RuntimeIdentifierInference.targets(383,5): message NETSDK1057: You are using a preview version of .NET. See: https://aka.ms/dotnet-support-policy [D:\Assignment - Coffee\Coffee\FastFood.Infrastructure\FastFood.Infrastructure.csproj]
C:\Program Files\dotnet\sdk\10.0.200-preview.0.26103.119\Sdks\Microsoft.NET.Sdk\targets\Microsoft.NET.RuntimeIdentifierInference.targets(383,5): message NETSDK1057: You are using a preview version of .NET. See: https://aka.ms/dotnet-support-policy [D:\Assignment - Coffee\Coffee\FastFood.Common\FastFood.Common.csproj]
C:\Program Files\dotnet\sdk\10.0.200-preview.0.26103.119\Sdks\Microsoft.NET.Sdk\targets\Microsoft.NET.RuntimeIdentifierInference.targets(383,5): message NETSDK1057: You are using a preview version of .NET. See: https://aka.ms/dotnet-support-policy [D:\Assignment - Coffee\Coffee\FastFood.Domain\FastFood.Domain.csproj]
C:\Program Files\dotnet\sdk\10.0.200-preview.0.26103.119\Sdks\Microsoft.NET.Sdk\targets\Microsoft.NET.RuntimeIdentifierInference.targets(383,5): message NETSDK1057: You are using a preview version of .NET. See: https://aka.ms/dotnet-support-policy [D:\Assignment - Coffee\Coffee\FastFood\FastFood.csproj]
C:\Program Files\dotnet\sdk\10.0.200-preview.0.26103.119\Sdks\Microsoft.NET.Sdk\targets\Microsoft.NET.RuntimeIdentifierInference.targets(383,5): message NETSDK1057: You are using a preview version of .NET. See: https://aka.ms/dotnet-support-policy [D:\Assignment - Coffee\Coffee\FastFood.API\FastFood.API.csproj]
  FastFood.Common -> D:\Assignment - Coffee\Coffee\FastFood.Common\bin\Debug\net9.0\FastFood.Common.dll
  FastFood.Domain -> D:\Assignment - Coffee\Coffee\FastFood.Domain\bin\Debug\net9.0\FastFood.Domain.dll
  FastFood.Infrastructure -> D:\Assignment - Coffee\Coffee\FastFood.Infrastructure\bin\Debug\net9.0\FastFood.Infrastructure.dll
  FastFood.Application -> D:\Assignment - Coffee\Coffee\FastFood.Application\bin\Debug\net9.0\FastFood.Application.dll
  FastFood.API -> D:\Assignment - Coffee\Coffee\FastFood.API\bin\Debug\net9.0\FastFood.API.dll
D:\Assignment - Coffee\Coffee\FastFood\Areas\Admin\Views\User\Index.cshtml(66,26): error RZ1025: The "tr" element was not closed.  All elements must be either self-closing or have a matching end tag. [D:\Assignment - Coffee\Coffee\FastFood\FastFood.csproj]
D:\Assignment - Coffee\Coffee\FastFood\Areas\Admin\Views\User\Index.cshtml(123,27): error RZ1026: Encountered end tag "tr" with no matching start tag.  Are your start/end tags properly balanced? [D:\Assignment - Coffee\Coffee\FastFood\FastFood.csproj]
D:\Assignment - Coffee\Coffee\FastFood\Areas\Admin\Controllers\EmployeeController.cs(8,23): error CS0234: The type or namespace name 'Employee' does not exist in the namespace 'FastFood.Models' (are you missing an assembly reference?) [D:\Assignment - Coffee\Coffee\FastFood\FastFood.csproj]
D:\Assignment - Coffee\Coffee\FastFood\Areas\Admin\Controllers\EmployeeController.cs(9,31): error CS0234: The type or namespace name 'Data' does not exist in the namespace 'FastFood.Infrastructure' (are you missing an assembly reference?) [D:\Assignment - Coffee\Coffee\FastFood\FastFood.csproj]

Build FAILED.

D:\Assignment - Coffee\Coffee\FastFood\Areas\Admin\Views\User\Index.cshtml(66,26): error RZ1025: The "tr" element was not closed.  All elements must be either self-closing or have a matching end tag. [D:\Assignment - Coffee\Coffee\FastFood\FastFood.csproj]
D:\Assignment - Coffee\Coffee\FastFood\Areas\Admin\Views\User\Index.cshtml(123,27): error RZ1026: Encountered end tag "tr" with no matching start tag.  Are your start/end tags properly balanced? [D:\Assignment - Coffee\Coffee\FastFood\FastFood.csproj]
D:\Assignment - Coffee\Coffee\FastFood\Areas\Admin\Controllers\EmployeeController.cs(8,23): error CS0234: The type or namespace name 'Employee' does not exist in the namespace 'FastFood.Models' (are you missing an assembly reference?) [D:\Assignment - Coffee\Coffee\FastFood\FastFood.csproj]
D:\Assignment - Coffee\Coffee\FastFood\Areas\Admin\Controllers\EmployeeController.cs(9,31): error CS0234: The type or namespace name 'Data' does not exist in the namespace 'FastFood.Infrastructure' (are you missing an assembly reference?) [D:\Assignment - Coffee\Coffee\FastFood\FastFood.csproj]
    0 Warning(s)
    4 Error(s)

Time Elapsed 00:00:08.08
